Component: ARM Compiler 6.13.1 Tool: armlink [5d895400]

==============================================================================

Section Cross References

    can .o(.ARM.exidx.text.CAN_VoidInit) refers to can .o(.text.CAN_VoidInit) for [Anonymous Symbol]
    can .o(.ARM.exidx.text.CAN_VoidFilterSet) refers to can .o(.text.CAN_VoidFilterSet) for [Anonymous Symbol]
    can .o(.ARM.exidx.text.CAN_VoidTransmit) refers to can .o(.text.CAN_VoidTransmit) for [Anonymous Symbol]
    can .o(.ARM.exidx.text.CAN_VoidReceive) refers to can .o(.text.CAN_VoidReceive) for [Anonymous Symbol]
    can .o(.ARM.exidx.text.CAN_u8GetLastErrorCodeType) refers to can .o(.text.CAN_u8GetLastErrorCodeType) for [Anonymous Symbol]
    can .o(.ARM.exidx.text.CAN_VoidInterruptSet) refers to can .o(.text.CAN_VoidInterruptSet) for [Anonymous Symbol]
    can .o(.ARM.exidx.text.CAN_VoidTimeTriggerCommMode) refers to can .o(.text.CAN_VoidTimeTriggerCommMode) for [Anonymous Symbol]
    can .o(.ARM.exidx.text.USB_HP_CAN1_TX0_IRQHandler) refers to can .o(.text.USB_HP_CAN1_TX0_IRQHandler) for [Anonymous Symbol]
    can .o(.text.USB_LP_CAN1_RX0_IRQHandler) refers to gpio_program2.o(.text.GPIO_VoidSetPinValue) for GPIO_VoidSetPinValue
    can .o(.text.USB_LP_CAN1_RX0_IRQHandler) refers to can .o(.bss.RxMessage) for RxMessage
    can .o(.text.USB_LP_CAN1_RX0_IRQHandler) refers to can .o(.text.CAN_VoidReceive) for CAN_VoidReceive
    can .o(.ARM.exidx.text.USB_LP_CAN1_RX0_IRQHandler) refers to can .o(.text.USB_LP_CAN1_RX0_IRQHandler) for [Anonymous Symbol]
    gpio_program2.o(.ARM.exidx.text.GPIO_VoidSetPinDirection) refers to gpio_program2.o(.text.GPIO_VoidSetPinDirection) for [Anonymous Symbol]
    gpio_program2.o(.text.GPIO_voidSetPortDirection) refers to gpio_program2.o(.text.GPIO_VoidSetPinDirection) for GPIO_VoidSetPinDirection
    gpio_program2.o(.ARM.exidx.text.GPIO_voidSetPortDirection) refers to gpio_program2.o(.text.GPIO_voidSetPortDirection) for [Anonymous Symbol]
    gpio_program2.o(.ARM.exidx.text.GPIO_VoidSetPinValue) refers to gpio_program2.o(.text.GPIO_VoidSetPinValue) for [Anonymous Symbol]
    gpio_program2.o(.ARM.exidx.text.GPIO_voidSetPortValue) refers to gpio_program2.o(.text.GPIO_voidSetPortValue) for [Anonymous Symbol]
    gpio_program2.o(.ARM.exidx.text.GPIO_VoidGetPinValue) refers to gpio_program2.o(.text.GPIO_VoidGetPinValue) for [Anonymous Symbol]
    gpio_program2.o(.ARM.exidx.text.GPIO_VoidGetPortValue) refers to gpio_program2.o(.text.GPIO_VoidGetPortValue) for [Anonymous Symbol]
    gpio_program2.o(.ARM.exidx.text.GPIO_voidTogglePinValue) refers to gpio_program2.o(.text.GPIO_voidTogglePinValue) for [Anonymous Symbol]
    gpio_program2.o(.text.GPIO_voidTogglePortValue) refers to gpio_program2.o(.text.GPIO_voidTogglePinValue) for GPIO_voidTogglePinValue
    gpio_program2.o(.ARM.exidx.text.GPIO_voidTogglePortValue) refers to gpio_program2.o(.text.GPIO_voidTogglePortValue) for [Anonymous Symbol]
    gpio_program2.o(.ARM.exidx.text.GPIO_voidLockPinConfig) refers to gpio_program2.o(.text.GPIO_voidLockPinConfig) for [Anonymous Symbol]
    gpio_program2.o(.text.GPIO_voidLockPortConfig) refers to gpio_program2.o(.text.GPIO_voidLockPinConfig) for GPIO_voidLockPinConfig
    gpio_program2.o(.ARM.exidx.text.GPIO_voidLockPortConfig) refers to gpio_program2.o(.text.GPIO_voidLockPortConfig) for [Anonymous Symbol]
    main.o(.text.main) refers to main.o(.rodata..L__const.main.CAN_InitStruct) for .L__const.main.CAN_InitStruct
    main.o(.text.main) refers to main.o(.rodata.cst16) for .L__const.main.CAN_FilterInitStruct_1
    main.o(.text.main) refers to rcc_program.o(.text.RCC_InitysClock) for RCC_InitysClock
    main.o(.text.main) refers to rcc_program.o(.text.RCC_VoidEnableClock) for RCC_VoidEnableClock
    main.o(.text.main) refers to gpio_program2.o(.text.GPIO_VoidSetPinDirection) for GPIO_VoidSetPinDirection
    main.o(.text.main) refers to can .o(.text.CAN_VoidInit) for CAN_VoidInit
    main.o(.text.main) refers to can .o(.text.CAN_VoidFilterSet) for CAN_VoidFilterSet
    main.o(.text.main) refers to can .o(.text.CAN_VoidReceive) for CAN_VoidReceive
    main.o(.ARM.exidx.text.main) refers to main.o(.text.main) for [Anonymous Symbol]
    stk_program.o(.ARM.exidx.text.MSTK_voidInit) refers to stk_program.o(.text.MSTK_voidInit) for [Anonymous Symbol]
    stk_program.o(.ARM.exidx.text.MSTK_voidSetBusyWait) refers to stk_program.o(.text.MSTK_voidSetBusyWait) for [Anonymous Symbol]
    stk_program.o(.ARM.exidx.text.STK_voidSetBusyWait) refers to stk_program.o(.text.STK_voidSetBusyWait) for [Anonymous Symbol]
    stk_program.o(.text.MSTK_voidSetIntervalSingle) refers to stk_program.o(.bss.MSTK_CallBack) for MSTK_CallBack
    stk_program.o(.ARM.exidx.text.MSTK_voidSetIntervalSingle) refers to stk_program.o(.text.MSTK_voidSetIntervalSingle) for [Anonymous Symbol]
    stk_program.o(.ARM.exidx.text.MSTK_voidStopInterval) refers to stk_program.o(.text.MSTK_voidStopInterval) for [Anonymous Symbol]
    stk_program.o(.text.SysTick_Handler) refers to stk_program.o(.bss.MSTK_CallBack) for MSTK_CallBack
    stk_program.o(.ARM.exidx.text.SysTick_Handler) refers to stk_program.o(.text.SysTick_Handler) for [Anonymous Symbol]
    nvic_program.o(.ARM.exidx.text.NVIC_voidEnableInterrupt) refers to nvic_program.o(.text.NVIC_voidEnableInterrupt) for [Anonymous Symbol]
    nvic_program.o(.ARM.exidx.text.NVIC_voidDisableInterrupt) refers to nvic_program.o(.text.NVIC_voidDisableInterrupt) for [Anonymous Symbol]
    nvic_program.o(.ARM.exidx.text.NVIC_voidSetPendingFlag) refers to nvic_program.o(.text.NVIC_voidSetPendingFlag) for [Anonymous Symbol]
    nvic_program.o(.ARM.exidx.text.NVIC_voidClearPendingFlag) refers to nvic_program.o(.text.NVIC_voidClearPendingFlag) for [Anonymous Symbol]
    nvic_program.o(.ARM.exidx.text.NVIC_voidGetActiveFlag) refers to nvic_program.o(.text.NVIC_voidGetActiveFlag) for [Anonymous Symbol]
    nvic_program.o(.ARM.exidx.text.NVIC_voidSetPriority) refers to nvic_program.o(.text.NVIC_voidSetPriority) for [Anonymous Symbol]
    nvic_program.o(.ARM.exidx.text.NVIC_voidGetGroupPriority) refers to nvic_program.o(.text.NVIC_voidGetGroupPriority) for [Anonymous Symbol]
    nvic_program.o(.ARM.exidx.text.NVIC_voidGetSubPriority) refers to nvic_program.o(.text.NVIC_voidGetSubPriority) for [Anonymous Symbol]
    nvic_program.o(.ARM.exidx.text.Soft_Reset_Req) refers to nvic_program.o(.text.Soft_Reset_Req) for [Anonymous Symbol]
    rcc_program.o(.ARM.exidx.text.RCC_InitysClock) refers to rcc_program.o(.text.RCC_InitysClock) for [Anonymous Symbol]
    rcc_program.o(.ARM.exidx.text.RCC_VoidEnableClock) refers to rcc_program.o(.text.RCC_VoidEnableClock) for [Anonymous Symbol]
    rcc_program.o(.ARM.exidx.text.RCC_VoidDisableClock) refers to rcc_program.o(.text.RCC_VoidDisableClock) for [Anonymous Symbol]
    rcc_program.o(.ARM.exidx.text.RCC_VoidResetPeriph) refers to rcc_program.o(.text.RCC_VoidResetPeriph) for [Anonymous Symbol]
    usart_program.o(.ARM.exidx.text.USART1_VoidInit) refers to usart_program.o(.text.USART1_VoidInit) for [Anonymous Symbol]
    usart_program.o(.ARM.exidx.text.USART1_voidTransmit) refers to usart_program.o(.text.USART1_voidTransmit) for [Anonymous Symbol]
    usart_program.o(.ARM.exidx.text.USART1_voidTransmitByte) refers to usart_program.o(.text.USART1_voidTransmitByte) for [Anonymous Symbol]
    usart_program.o(.ARM.exidx.text.USART1_uint8Receive) refers to usart_program.o(.text.USART1_uint8Receive) for [Anonymous Symbol]
    usart_program.o(.text.USART1_VoidReceive) refers to usart_program.o(.text.USART1_uint8Receive) for USART1_uint8Receive
    usart_program.o(.ARM.exidx.text.USART1_VoidReceive) refers to usart_program.o(.text.USART1_VoidReceive) for [Anonymous Symbol]
    usart_program.o(.text.USART1_VoidReceiveFourBytes) refers to usart_program.o(.text.USART1_uint8Receive) for USART1_uint8Receive
    usart_program.o(.ARM.exidx.text.USART1_VoidReceiveFourBytes) refers to usart_program.o(.text.USART1_VoidReceiveFourBytes) for [Anonymous Symbol]
    usart_program.o(.ARM.exidx.text.MUSART1_uint8Receive) refers to usart_program.o(.text.MUSART1_uint8Receive) for [Anonymous Symbol]
    usart_program.o(.text.USART1_uint8ReceivAsyn) refers to usart_program.o(.bss.USART1_CallBack) for USART1_CallBack
    usart_program.o(.ARM.exidx.text.USART1_uint8ReceivAsyn) refers to usart_program.o(.text.USART1_uint8ReceivAsyn) for [Anonymous Symbol]
    usart_program.o(.text.USART1_IRQHandler) refers to usart_program.o(.bss.USART1_CallBack) for USART1_CallBack
    usart_program.o(.ARM.exidx.text.USART1_IRQHandler) refers to usart_program.o(.text.USART1_IRQHandler) for [Anonymous Symbol]
    usart_program.o(.text.USART1_DeInit) refers to usart_program.o(.bss.USART1_CallBack) for USART1_CallBack
    usart_program.o(.ARM.exidx.text.USART1_DeInit) refers to usart_program.o(.text.USART1_DeInit) for [Anonymous Symbol]
    startup_stm32f10x_md.o(STACK) refers (Special) to heapauxi.o(.text) for __use_two_region_memory
    startup_stm32f10x_md.o(HEAP) refers (Special) to heapauxi.o(.text) for __use_two_region_memory
    startup_stm32f10x_md.o(RESET) refers (Special) to heapauxi.o(.text) for __use_two_region_memory
    startup_stm32f10x_md.o(RESET) refers to startup_stm32f10x_md.o(STACK) for __initial_sp
    startup_stm32f10x_md.o(RESET) refers to startup_stm32f10x_md.o(.text) for Reset_Handler
    startup_stm32f10x_md.o(RESET) refers to stk_program.o(.text.SysTick_Handler) for SysTick_Handler
    startup_stm32f10x_md.o(RESET) refers to can .o(.text.USB_LP_CAN1_RX0_IRQHandler) for USB_LP_CAN1_RX0_IRQHandler
    startup_stm32f10x_md.o(RESET) refers to usart_program.o(.text.USART1_IRQHandler) for USART1_IRQHandler
    startup_stm32f10x_md.o(.text) refers (Special) to heapauxi.o(.text) for __use_two_region_memory
    startup_stm32f10x_md.o(.text) refers to system_stm32f10x.o(.text.SystemInit) for SystemInit
    startup_stm32f10x_md.o(.text) refers to __main.o(!!!main) for __main
    startup_stm32f10x_md.o(.text) refers to startup_stm32f10x_md.o(HEAP) for Heap_Mem
    startup_stm32f10x_md.o(.text) refers to startup_stm32f10x_md.o(STACK) for Stack_Mem
    system_stm32f10x.o(.text.SystemInit) refers to system_stm32f10x.o(.text.SetSysClock) for SetSysClock
    system_stm32f10x.o(.ARM.exidx.text.SystemInit) refers to system_stm32f10x.o(.text.SystemInit) for [Anonymous Symbol]
    system_stm32f10x.o(.text.SetSysClock) refers to system_stm32f10x.o(.text.SetSysClockTo72) for SetSysClockTo72
    system_stm32f10x.o(.ARM.exidx.text.SetSysClock) refers to system_stm32f10x.o(.text.SetSysClock) for [Anonymous Symbol]
    system_stm32f10x.o(.text.SystemCoreClockUpdate) refers to system_stm32f10x.o(.data.SystemCoreClock) for SystemCoreClock
    system_stm32f10x.o(.text.SystemCoreClockUpdate) refers to system_stm32f10x.o(.rodata.AHBPrescTable) for AHBPrescTable
    system_stm32f10x.o(.ARM.exidx.text.SystemCoreClockUpdate) refers to system_stm32f10x.o(.text.SystemCoreClockUpdate) for [Anonymous Symbol]
    system_stm32f10x.o(.ARM.exidx.text.SetSysClockTo72) refers to system_stm32f10x.o(.text.SetSysClockTo72) for [Anonymous Symbol]
    __main.o(!!!main) refers to __rtentry.o(.ARM.Collect$$rtentry$$00000000) for __rt_entry
    __rtentry.o(.ARM.Collect$$rtentry$$00000000) refers (Special) to __rtentry2.o(.ARM.Collect$$rtentry$$0000000A) for __rt_entry_li
    __rtentry.o(.ARM.Collect$$rtentry$$00000000) refers (Special) to __rtentry2.o(.ARM.Collect$$rtentry$$0000000D) for __rt_entry_main
    __rtentry.o(.ARM.Collect$$rtentry$$00000000) refers (Special) to __rtentry2.o(.ARM.Collect$$rtentry$$0000000C) for __rt_entry_postli_1
    __rtentry.o(.ARM.Collect$$rtentry$$00000000) refers (Special) to __rtentry2.o(.ARM.Collect$$rtentry$$00000009) for __rt_entry_postsh_1
    __rtentry.o(.ARM.Collect$$rtentry$$00000000) refers (Special) to __rtentry2.o(.ARM.Collect$$rtentry$$00000002) for __rt_entry_presh_1
    __rtentry.o(.ARM.Collect$$rtentry$$00000000) refers (Special) to __rtentry4.o(.ARM.Collect$$rtentry$$00000004) for __rt_entry_sh
    __rtentry2.o(.ARM.Collect$$rtentry$$00000008) refers to boardinit2.o(.text) for _platform_post_stackheap_init
    __rtentry2.o(.ARM.Collect$$rtentry$$0000000A) refers to libinit.o(.ARM.Collect$$libinit$$00000000) for __rt_lib_init
    __rtentry2.o(.ARM.Collect$$rtentry$$0000000B) refers to boardinit3.o(.text) for _platform_post_lib_init
    __rtentry2.o(.ARM.Collect$$rtentry$$0000000D) refers to main.o(.text.main) for main
    __rtentry2.o(.ARM.Collect$$rtentry$$0000000D) refers to exit.o(.text) for exit
    __rtentry2.o(.ARM.exidx) refers to __rtentry2.o(.ARM.Collect$$rtentry$$00000001) for .ARM.Collect$$rtentry$$00000001
    __rtentry2.o(.ARM.exidx) refers to __rtentry2.o(.ARM.Collect$$rtentry$$00000008) for .ARM.Collect$$rtentry$$00000008
    __rtentry2.o(.ARM.exidx) refers to __rtentry2.o(.ARM.Collect$$rtentry$$0000000A) for .ARM.Collect$$rtentry$$0000000A
    __rtentry2.o(.ARM.exidx) refers to __rtentry2.o(.ARM.Collect$$rtentry$$0000000B) for .ARM.Collect$$rtentry$$0000000B
    __rtentry2.o(.ARM.exidx) refers to __rtentry2.o(.ARM.Collect$$rtentry$$0000000D) for .ARM.Collect$$rtentry$$0000000D
    __rtentry4.o(.ARM.Collect$$rtentry$$00000004) refers to sys_stackheap_outer.o(.text) for __user_setup_stackheap
    __rtentry4.o(.ARM.exidx) refers to __rtentry4.o(.ARM.Collect$$rtentry$$00000004) for .ARM.Collect$$rtentry$$00000004
    sys_stackheap_outer.o(.text) refers to libspace.o(.text) for __user_perproc_libspace
    sys_stackheap_outer.o(.text) refers to startup_stm32f10x_md.o(.text) for __user_initial_stackheap
    exit.o(.text) refers to rtexit.o(.ARM.Collect$$rtexit$$00000000) for __rt_exit
    libinit.o(.ARM.Collect$$libinit$$00000000) refers (Special) to libinit2.o(.ARM.Collect$$libinit$$0000002E) for __rt_lib_init_alloca_1
    libinit.o(.ARM.Collect$$libinit$$00000000) refers (Special) to libinit2.o(.ARM.Collect$$libinit$$0000002C) for __rt_lib_init_argv_1
    libinit.o(.ARM.Collect$$libinit$$00000000) refers (Special) to libinit2.o(.ARM.Collect$$libinit$$0000001B) for __rt_lib_init_atexit_1
    libinit.o(.ARM.Collect$$libinit$$00000000) refers (Special) to libinit2.o(.ARM.Collect$$libinit$$00000021) for __rt_lib_init_clock_1
    libinit.o(.ARM.Collect$$libinit$$00000000) refers (Special) to libinit2.o(.ARM.Collect$$libinit$$00000032) for __rt_lib_init_cpp_1
    libinit.o(.ARM.Collect$$libinit$$00000000) refers (Special) to libinit2.o(.ARM.Collect$$libinit$$00000030) for __rt_lib_init_exceptions_1
    libinit.o(.ARM.Collect$$libinit$$00000000) refers (Special) to libinit2.o(.ARM.Collect$$libinit$$00000002) for __rt_lib_init_fp_1
    libinit.o(.ARM.Collect$$libinit$$00000000) refers (Special) to libinit2.o(.ARM.Collect$$libinit$$0000001F) for __rt_lib_init_fp_trap_1
    libinit.o(.ARM.Collect$$libinit$$00000000) refers (Special) to libinit2.o(.ARM.Collect$$libinit$$00000023) for __rt_lib_init_getenv_1
    libinit.o(.ARM.Collect$$libinit$$00000000) refers (Special) to libinit2.o(.ARM.Collect$$libinit$$0000000A) for __rt_lib_init_heap_1
    libinit.o(.ARM.Collect$$libinit$$00000000) refers (Special) to libinit2.o(.ARM.Collect$$libinit$$00000011) for __rt_lib_init_lc_collate_1
    libinit.o(.ARM.Collect$$libinit$$00000000) refers (Special) to libinit2.o(.ARM.Collect$$libinit$$00000013) for __rt_lib_init_lc_ctype_1
    libinit.o(.ARM.Collect$$libinit$$00000000) refers (Special) to libinit2.o(.ARM.Collect$$libinit$$00000015) for __rt_lib_init_lc_monetary_1
    libinit.o(.ARM.Collect$$libinit$$00000000) refers (Special) to libinit2.o(.ARM.Collect$$libinit$$00000017) for __rt_lib_init_lc_numeric_1
    libinit.o(.ARM.Collect$$libinit$$00000000) refers (Special) to libinit2.o(.ARM.Collect$$libinit$$00000019) for __rt_lib_init_lc_time_1
    libinit.o(.ARM.Collect$$libinit$$00000000) refers (Special) to libinit2.o(.ARM.Collect$$libinit$$00000004) for __rt_lib_init_preinit_1
    libinit.o(.ARM.Collect$$libinit$$00000000) refers (Special) to libinit2.o(.ARM.Collect$$libinit$$0000000E) for __rt_lib_init_rand_1
    libinit.o(.ARM.Collect$$libinit$$00000000) refers (Special) to libinit2.o(.ARM.Collect$$libinit$$00000033) for __rt_lib_init_return
    libinit.o(.ARM.Collect$$libinit$$00000000) refers (Special) to libinit2.o(.ARM.Collect$$libinit$$0000001D) for __rt_lib_init_signal_1
    libinit.o(.ARM.Collect$$libinit$$00000000) refers (Special) to libinit2.o(.ARM.Collect$$libinit$$00000025) for __rt_lib_init_stdio_1
    libinit.o(.ARM.Collect$$libinit$$00000000) refers (Special) to libinit2.o(.ARM.Collect$$libinit$$0000000C) for __rt_lib_init_user_alloc_1
    libspace.o(.text) refers to libspace.o(.bss) for __libspace_start
    rtexit.o(.ARM.Collect$$rtexit$$00000000) refers (Special) to rtexit2.o(.ARM.Collect$$rtexit$$00000004) for __rt_exit_exit
    rtexit.o(.ARM.Collect$$rtexit$$00000000) refers (Special) to rtexit2.o(.ARM.Collect$$rtexit$$00000003) for __rt_exit_ls
    rtexit.o(.ARM.Collect$$rtexit$$00000000) refers (Special) to rtexit2.o(.ARM.Collect$$rtexit$$00000002) for __rt_exit_prels_1
    rtexit.o(.ARM.exidx) refers (Special) to rtexit2.o(.ARM.Collect$$rtexit$$00000004) for __rt_exit_exit
    rtexit.o(.ARM.exidx) refers (Special) to rtexit2.o(.ARM.Collect$$rtexit$$00000003) for __rt_exit_ls
    rtexit.o(.ARM.exidx) refers (Special) to rtexit2.o(.ARM.Collect$$rtexit$$00000002) for __rt_exit_prels_1
    rtexit.o(.ARM.exidx) refers to rtexit.o(.ARM.Collect$$rtexit$$00000000) for .ARM.Collect$$rtexit$$00000000
    libinit2.o(.ARM.Collect$$libinit$$00000010) refers to libinit2.o(.ARM.Collect$$libinit$$0000000F) for .ARM.Collect$$libinit$$0000000F
    libinit2.o(.ARM.Collect$$libinit$$00000012) refers to libinit2.o(.ARM.Collect$$libinit$$0000000F) for .ARM.Collect$$libinit$$0000000F
    libinit2.o(.ARM.Collect$$libinit$$00000014) refers to libinit2.o(.ARM.Collect$$libinit$$0000000F) for .ARM.Collect$$libinit$$0000000F
    libinit2.o(.ARM.Collect$$libinit$$00000016) refers to libinit2.o(.ARM.Collect$$libinit$$0000000F) for .ARM.Collect$$libinit$$0000000F
    libinit2.o(.ARM.Collect$$libinit$$00000018) refers to libinit2.o(.ARM.Collect$$libinit$$0000000F) for .ARM.Collect$$libinit$$0000000F
    libinit2.o(.ARM.Collect$$libinit$$00000026) refers to argv_veneer.o(.emb_text) for __ARM_argv_veneer
    libinit2.o(.ARM.Collect$$libinit$$00000027) refers to argv_veneer.o(.emb_text) for __ARM_argv_veneer
    rtexit2.o(.ARM.Collect$$rtexit$$00000003) refers to libshutdown.o(.ARM.Collect$$libshutdown$$00000000) for __rt_lib_shutdown
    rtexit2.o(.ARM.Collect$$rtexit$$00000004) refers to sys_exit.o(.text) for _sys_exit
    rtexit2.o(.ARM.exidx) refers to rtexit2.o(.ARM.Collect$$rtexit$$00000001) for .ARM.Collect$$rtexit$$00000001
    rtexit2.o(.ARM.exidx) refers to rtexit2.o(.ARM.Collect$$rtexit$$00000003) for .ARM.Collect$$rtexit$$00000003
    rtexit2.o(.ARM.exidx) refers to rtexit2.o(.ARM.Collect$$rtexit$$00000004) for .ARM.Collect$$rtexit$$00000004
    argv_veneer.o(.emb_text) refers to no_argv.o(.text) for __ARM_get_argv
    sys_exit.o(.text) refers (Special) to use_no_semi.o(.text) for __I$use$semihosting
    sys_exit.o(.text) refers (Special) to indicate_semi.o(.text) for __semihosting_library_function
    sys_exit_hlt.o(.text) refers (Special) to use_no_semi.o(.text) for __I$use$semihosting
    sys_exit_hlt.o(.text) refers (Special) to indicate_semi.o(.text) for __semihosting_library_function
    _get_argv_nomalloc.o(.text) refers (Special) to hrguard.o(.text) for __heap_region$guard
    _get_argv_nomalloc.o(.text) refers to defsig_rtmem_outer.o(.text) for __rt_SIGRTMEM
    _get_argv_nomalloc.o(.text) refers to sys_command.o(.text) for _sys_command_string
    libshutdown.o(.ARM.Collect$$libshutdown$$00000000) refers (Special) to libshutdown2.o(.ARM.Collect$$libshutdown$$00000002) for __rt_lib_shutdown_cpp_1
    libshutdown.o(.ARM.Collect$$libshutdown$$00000000) refers (Special) to libshutdown2.o(.ARM.Collect$$libshutdown$$00000007) for __rt_lib_shutdown_fp_trap_1
    libshutdown.o(.ARM.Collect$$libshutdown$$00000000) refers (Special) to libshutdown2.o(.ARM.Collect$$libshutdown$$0000000F) for __rt_lib_shutdown_heap_1
    libshutdown.o(.ARM.Collect$$libshutdown$$00000000) refers (Special) to libshutdown2.o(.ARM.Collect$$libshutdown$$00000010) for __rt_lib_shutdown_return
    libshutdown.o(.ARM.Collect$$libshutdown$$00000000) refers (Special) to libshutdown2.o(.ARM.Collect$$libshutdown$$0000000A) for __rt_lib_shutdown_signal_1
    libshutdown.o(.ARM.Collect$$libshutdown$$00000000) refers (Special) to libshutdown2.o(.ARM.Collect$$libshutdown$$00000004) for __rt_lib_shutdown_stdio_1
    libshutdown.o(.ARM.Collect$$libshutdown$$00000000) refers (Special) to libshutdown2.o(.ARM.Collect$$libshutdown$$0000000C) for __rt_lib_shutdown_user_alloc_1
    sys_command.o(.text) refers (Special) to use_no_semi.o(.text) for __I$use$semihosting
    sys_command.o(.text) refers (Special) to indicate_semi.o(.text) for __semihosting_library_function
    sys_command_hlt.o(.text) refers (Special) to use_no_semi.o(.text) for __I$use$semihosting
    sys_command_hlt.o(.text) refers (Special) to indicate_semi.o(.text) for __semihosting_library_function
    defsig_rtmem_outer.o(.text) refers to defsig_rtmem_inner.o(.text) for __rt_SIGRTMEM_inner
    defsig_rtmem_outer.o(.text) refers to defsig_exit.o(.text) for __sig_exit
    defsig_rtmem_formal.o(.text) refers to rt_raise.o(.text) for __rt_raise
    rt_raise.o(.text) refers to __raise.o(.text) for __raise
    rt_raise.o(.text) refers to sys_exit.o(.text) for _sys_exit
    defsig_exit.o(.text) refers to sys_exit.o(.text) for _sys_exit
    defsig_rtmem_inner.o(.text) refers to defsig_general.o(.text) for __default_signal_display
    __raise.o(.text) refers to defsig.o(CL$$defsig) for __default_signal_handler
    defsig_general.o(.text) refers to sys_wrch.o(.text) for _ttywrch
    sys_wrch.o(.text) refers (Special) to use_no_semi.o(.text) for __I$use$semihosting
    sys_wrch.o(.text) refers (Special) to indicate_semi.o(.text) for __semihosting_library_function
    sys_wrch_hlt.o(.text) refers (Special) to use_no_semi.o(.text) for __I$use$semihosting
    sys_wrch_hlt.o(.text) refers (Special) to indicate_semi.o(.text) for __semihosting_library_function
    defsig.o(CL$$defsig) refers to defsig_rtmem_inner.o(.text) for __rt_SIGRTMEM_inner
    defsig_abrt_inner.o(.text) refers to defsig_general.o(.text) for __default_signal_display
    defsig_fpe_inner.o(.text) refers to defsig_general.o(.text) for __default_signal_display
    defsig_rtred_inner.o(.text) refers to defsig_general.o(.text) for __default_signal_display
    defsig_stak_inner.o(.text) refers to defsig_general.o(.text) for __default_signal_display
    defsig_pvfn_inner.o(.text) refers to defsig_general.o(.text) for __default_signal_display
    defsig_cppl_inner.o(.text) refers to defsig_general.o(.text) for __default_signal_display
    defsig_segv_inner.o(.text) refers to defsig_general.o(.text) for __default_signal_display
    defsig_other.o(.text) refers to defsig_general.o(.text) for __default_signal_display


==============================================================================

Removing Unused input sections from the image.

    Removing can .o(.text), (0 bytes).
    Removing can .o(.ARM.exidx.text.CAN_VoidInit), (8 bytes).
    Removing can .o(.ARM.exidx.text.CAN_VoidFilterSet), (8 bytes).
    Removing can .o(.text.CAN_VoidTransmit), (202 bytes).
    Removing can .o(.ARM.exidx.text.CAN_VoidTransmit), (8 bytes).
    Removing can .o(.ARM.exidx.text.CAN_VoidReceive), (8 bytes).
    Removing can .o(.text.CAN_u8GetLastErrorCodeType), (8 bytes).
    Removing can .o(.ARM.exidx.text.CAN_u8GetLastErrorCodeType), (8 bytes).
    Removing can .o(.text.CAN_VoidInterruptSet), (26 bytes).
    Removing can .o(.ARM.exidx.text.CAN_VoidInterruptSet), (8 bytes).
    Removing can .o(.text.CAN_VoidTimeTriggerCommMode), (64 bytes).
    Removing can .o(.ARM.exidx.text.CAN_VoidTimeTriggerCommMode), (8 bytes).
    Removing can .o(.text.USB_HP_CAN1_TX0_IRQHandler), (58 bytes).
    Removing can .o(.ARM.exidx.text.USB_HP_CAN1_TX0_IRQHandler), (8 bytes).
    Removing can .o(.ARM.exidx.text.USB_LP_CAN1_RX0_IRQHandler), (8 bytes).
    Removing gpio_program2.o(.text), (0 bytes).
    Removing gpio_program2.o(.ARM.exidx.text.GPIO_VoidSetPinDirection), (8 bytes).
    Removing gpio_program2.o(.text.GPIO_voidSetPortDirection), (28 bytes).
    Removing gpio_program2.o(.ARM.exidx.text.GPIO_voidSetPortDirection), (8 bytes).
    Removing gpio_program2.o(.ARM.exidx.text.GPIO_VoidSetPinValue), (8 bytes).
    Removing gpio_program2.o(.text.GPIO_voidSetPortValue), (36 bytes).
    Removing gpio_program2.o(.ARM.exidx.text.GPIO_voidSetPortValue), (8 bytes).
    Removing gpio_program2.o(.text.GPIO_VoidGetPinValue), (42 bytes).
    Removing gpio_program2.o(.ARM.exidx.text.GPIO_VoidGetPinValue), (8 bytes).
    Removing gpio_program2.o(.text.GPIO_VoidGetPortValue), (40 bytes).
    Removing gpio_program2.o(.ARM.exidx.text.GPIO_VoidGetPortValue), (8 bytes).
    Removing gpio_program2.o(.text.GPIO_voidTogglePinValue), (42 bytes).
    Removing gpio_program2.o(.ARM.exidx.text.GPIO_voidTogglePinValue), (8 bytes).
    Removing gpio_program2.o(.text.GPIO_voidTogglePortValue), (26 bytes).
    Removing gpio_program2.o(.ARM.exidx.text.GPIO_voidTogglePortValue), (8 bytes).
    Removing gpio_program2.o(.text.GPIO_voidLockPinConfig), (72 bytes).
    Removing gpio_program2.o(.ARM.exidx.text.GPIO_voidLockPinConfig), (8 bytes).
    Removing gpio_program2.o(.text.GPIO_voidLockPortConfig), (26 bytes).
    Removing gpio_program2.o(.ARM.exidx.text.GPIO_voidLockPortConfig), (8 bytes).
    Removing main.o(.text), (0 bytes).
    Removing main.o(.ARM.exidx.text.main), (8 bytes).
    Removing main.o(.ARM.use_no_argv), (4 bytes).
    Removing stk_program.o(.text), (0 bytes).
    Removing stk_program.o(.text.MSTK_voidInit), (14 bytes).
    Removing stk_program.o(.ARM.exidx.text.MSTK_voidInit), (8 bytes).
    Removing stk_program.o(.text.MSTK_voidSetBusyWait), (42 bytes).
    Removing stk_program.o(.ARM.exidx.text.MSTK_voidSetBusyWait), (8 bytes).
    Removing stk_program.o(.text.STK_voidSetBusyWait), (42 bytes).
    Removing stk_program.o(.ARM.exidx.text.STK_voidSetBusyWait), (8 bytes).
    Removing stk_program.o(.text.MSTK_voidSetIntervalSingle), (38 bytes).
    Removing stk_program.o(.ARM.exidx.text.MSTK_voidSetIntervalSingle), (8 bytes).
    Removing stk_program.o(.text.MSTK_voidStopInterval), (32 bytes).
    Removing stk_program.o(.ARM.exidx.text.MSTK_voidStopInterval), (8 bytes).
    Removing stk_program.o(.ARM.exidx.text.SysTick_Handler), (8 bytes).
    Removing nvic_program.o(.text), (0 bytes).
    Removing nvic_program.o(.text.NVIC_voidEnableInterrupt), (50 bytes).
    Removing nvic_program.o(.ARM.exidx.text.NVIC_voidEnableInterrupt), (8 bytes).
    Removing nvic_program.o(.text.NVIC_voidDisableInterrupt), (50 bytes).
    Removing nvic_program.o(.ARM.exidx.text.NVIC_voidDisableInterrupt), (8 bytes).
    Removing nvic_program.o(.text.NVIC_voidSetPendingFlag), (50 bytes).
    Removing nvic_program.o(.ARM.exidx.text.NVIC_voidSetPendingFlag), (8 bytes).
    Removing nvic_program.o(.text.NVIC_voidClearPendingFlag), (50 bytes).
    Removing nvic_program.o(.ARM.exidx.text.NVIC_voidClearPendingFlag), (8 bytes).
    Removing nvic_program.o(.text.NVIC_voidGetActiveFlag), (56 bytes).
    Removing nvic_program.o(.ARM.exidx.text.NVIC_voidGetActiveFlag), (8 bytes).
    Removing nvic_program.o(.text.NVIC_voidSetPriority), (48 bytes).
    Removing nvic_program.o(.ARM.exidx.text.NVIC_voidSetPriority), (8 bytes).
    Removing nvic_program.o(.text.NVIC_voidGetGroupPriority), (14 bytes).
    Removing nvic_program.o(.ARM.exidx.text.NVIC_voidGetGroupPriority), (8 bytes).
    Removing nvic_program.o(.text.NVIC_voidGetSubPriority), (16 bytes).
    Removing nvic_program.o(.ARM.exidx.text.NVIC_voidGetSubPriority), (8 bytes).
    Removing nvic_program.o(.text.Soft_Reset_Req), (18 bytes).
    Removing nvic_program.o(.ARM.exidx.text.Soft_Reset_Req), (8 bytes).
    Removing rcc_program.o(.text), (0 bytes).
    Removing rcc_program.o(.ARM.exidx.text.RCC_InitysClock), (8 bytes).
    Removing rcc_program.o(.ARM.exidx.text.RCC_VoidEnableClock), (8 bytes).
    Removing rcc_program.o(.text.RCC_VoidDisableClock), (84 bytes).
    Removing rcc_program.o(.ARM.exidx.text.RCC_VoidDisableClock), (8 bytes).
    Removing rcc_program.o(.text.RCC_VoidResetPeriph), (54 bytes).
    Removing rcc_program.o(.ARM.exidx.text.RCC_VoidResetPeriph), (8 bytes).
    Removing usart_program.o(.text), (0 bytes).
    Removing usart_program.o(.text.USART1_VoidInit), (144 bytes).
    Removing usart_program.o(.ARM.exidx.text.USART1_VoidInit), (8 bytes).
    Removing usart_program.o(.text.USART1_voidTransmit), (42 bytes).
    Removing usart_program.o(.ARM.exidx.text.USART1_voidTransmit), (8 bytes).
    Removing usart_program.o(.text.USART1_voidTransmitByte), (28 bytes).
    Removing usart_program.o(.ARM.exidx.text.USART1_voidTransmitByte), (8 bytes).
    Removing usart_program.o(.text.USART1_uint8Receive), (28 bytes).
    Removing usart_program.o(.ARM.exidx.text.USART1_uint8Receive), (8 bytes).
    Removing usart_program.o(.text.USART1_VoidReceive), (38 bytes).
    Removing usart_program.o(.ARM.exidx.text.USART1_VoidReceive), (8 bytes).
    Removing usart_program.o(.text.USART1_VoidReceiveFourBytes), (32 bytes).
    Removing usart_program.o(.ARM.exidx.text.USART1_VoidReceiveFourBytes), (8 bytes).
    Removing usart_program.o(.text.MUSART1_uint8Receive), (24 bytes).
    Removing usart_program.o(.ARM.exidx.text.MUSART1_uint8Receive), (8 bytes).
    Removing usart_program.o(.text.USART1_uint8ReceivAsyn), (12 bytes).
    Removing usart_program.o(.ARM.exidx.text.USART1_uint8ReceivAsyn), (8 bytes).
    Removing usart_program.o(.ARM.exidx.text.USART1_IRQHandler), (8 bytes).
    Removing usart_program.o(.text.USART1_DeInit), (30 bytes).
    Removing usart_program.o(.ARM.exidx.text.USART1_DeInit), (8 bytes).
    Removing system_stm32f10x.o(.text), (0 bytes).
    Removing system_stm32f10x.o(.ARM.exidx.text.SystemInit), (8 bytes).
    Removing system_stm32f10x.o(.ARM.exidx.text.SetSysClock), (8 bytes).
    Removing system_stm32f10x.o(.text.SystemCoreClockUpdate), (110 bytes).
    Removing system_stm32f10x.o(.ARM.exidx.text.SystemCoreClockUpdate), (8 bytes).
    Removing system_stm32f10x.o(.ARM.exidx.text.SetSysClockTo72), (8 bytes).
    Removing system_stm32f10x.o(.data.SystemCoreClock), (4 bytes).
    Removing system_stm32f10x.o(.rodata.AHBPrescTable), (16 bytes).

103 unused section(s) (total 2264 bytes) removed from the image.

==============================================================================

Image Symbol Table

    Local Symbols

    Symbol Name                              Value     Ov Type        Size  Object(Section)

    ../clib/angel/boardlib.s                 0x00000000   Number         0  boardinit1.o ABSOLUTE
    ../clib/angel/boardlib.s                 0x00000000   Number         0  boardinit2.o ABSOLUTE
    ../clib/angel/boardlib.s                 0x00000000   Number         0  boardinit3.o ABSOLUTE
    ../clib/angel/boardlib.s                 0x00000000   Number         0  boardshut.o ABSOLUTE
    ../clib/angel/handlers.s                 0x00000000   Number         0  __scatter_zi.o ABSOLUTE
    ../clib/angel/kernel.s                   0x00000000   Number         0  __rtentry.o ABSOLUTE
    ../clib/angel/kernel.s                   0x00000000   Number         0  __rtentry2.o ABSOLUTE
    ../clib/angel/kernel.s                   0x00000000   Number         0  __rtentry4.o ABSOLUTE
    ../clib/angel/kernel.s                   0x00000000   Number         0  rtexit.o ABSOLUTE
    ../clib/angel/kernel.s                   0x00000000   Number         0  rtexit2.o ABSOLUTE
    ../clib/angel/rt.s                       0x00000000   Number         0  rt_raise.o ABSOLUTE
    ../clib/angel/scatter.s                  0x00000000   Number         0  __scatter.o ABSOLUTE
    ../clib/angel/startup.s                  0x00000000   Number         0  __main.o ABSOLUTE
    ../clib/angel/sys.s                      0x00000000   Number         0  sys_stackheap_outer.o ABSOLUTE
    ../clib/angel/sys.s                      0x00000000   Number         0  libspace.o ABSOLUTE
    ../clib/angel/sys.s                      0x00000000   Number         0  use_no_semi.o ABSOLUTE
    ../clib/angel/sys.s                      0x00000000   Number         0  indicate_semi.o ABSOLUTE
    ../clib/angel/sysapp.c                   0x00000000   Number         0  sys_exit.o ABSOLUTE
    ../clib/angel/sysapp.c                   0x00000000   Number         0  sys_exit_hlt.o ABSOLUTE
    ../clib/angel/sysapp.c                   0x00000000   Number         0  sys_command.o ABSOLUTE
    ../clib/angel/sysapp.c                   0x00000000   Number         0  sys_command_hlt.o ABSOLUTE
    ../clib/angel/sysapp.c                   0x00000000   Number         0  sys_wrch.o ABSOLUTE
    ../clib/angel/sysapp.c                   0x00000000   Number         0  sys_wrch_hlt.o ABSOLUTE
    ../clib/armsys.c                         0x00000000   Number         0  argv_veneer.o ABSOLUTE
    ../clib/armsys.c                         0x00000000   Number         0  argv_veneer.o ABSOLUTE
    ../clib/armsys.c                         0x00000000   Number         0  _get_argv_nomalloc.o ABSOLUTE
    ../clib/armsys.c                         0x00000000   Number         0  no_argv.o ABSOLUTE
    ../clib/heapalloc.c                      0x00000000   Number         0  hrguard.o ABSOLUTE
    ../clib/heapaux.c                        0x00000000   Number         0  heapauxi.o ABSOLUTE
    ../clib/libinit.s                        0x00000000   Number         0  libinit.o ABSOLUTE
    ../clib/libinit.s                        0x00000000   Number         0  libinit2.o ABSOLUTE
    ../clib/libinit.s                        0x00000000   Number         0  libshutdown.o ABSOLUTE
    ../clib/libinit.s                        0x00000000   Number         0  libshutdown2.o ABSOLUTE
    ../clib/signal.c                         0x00000000   Number         0  defsig_rtmem_outer.o ABSOLUTE
    ../clib/signal.c                         0x00000000   Number         0  defsig_rtmem_formal.o ABSOLUTE
    ../clib/signal.c                         0x00000000   Number         0  defsig_exit.o ABSOLUTE
    ../clib/signal.c                         0x00000000   Number         0  defsig_rtmem_inner.o ABSOLUTE
    ../clib/signal.c                         0x00000000   Number         0  __raise.o ABSOLUTE
    ../clib/signal.c                         0x00000000   Number         0  defsig_general.o ABSOLUTE
    ../clib/signal.c                         0x00000000   Number         0  defsig_abrt_inner.o ABSOLUTE
    ../clib/signal.c                         0x00000000   Number         0  defsig_fpe_inner.o ABSOLUTE
    ../clib/signal.c                         0x00000000   Number         0  defsig_rtred_inner.o ABSOLUTE
    ../clib/signal.c                         0x00000000   Number         0  defsig_stak_inner.o ABSOLUTE
    ../clib/signal.c                         0x00000000   Number         0  defsig_pvfn_inner.o ABSOLUTE
    ../clib/signal.c                         0x00000000   Number         0  defsig_cppl_inner.o ABSOLUTE
    ../clib/signal.c                         0x00000000   Number         0  defsig_segv_inner.o ABSOLUTE
    ../clib/signal.c                         0x00000000   Number         0  defsig_other.o ABSOLUTE
    ../clib/signal.s                         0x00000000   Number         0  defsig.o ABSOLUTE
    ../clib/stdlib.c                         0x00000000   Number         0  exit.o ABSOLUTE
    ../fplib/fpinit.s                        0x00000000   Number         0  fpinit.o ABSOLUTE
    ../fplib/fpinit_empty.s                  0x00000000   Number         0  fpinit_empty.o ABSOLUTE
    CAN .c                                   0x00000000   Number         0  can .o ABSOLUTE
    GPIO_program2.c                          0x00000000   Number         0  gpio_program2.o ABSOLUTE
    NVIC_Program.c                           0x00000000   Number         0  nvic_program.o ABSOLUTE
    RCC_program.c                            0x00000000   Number         0  rcc_program.o ABSOLUTE
    RTE\Device\STM32F103C8\startup_stm32f10x_md.s 0x00000000   Number         0  startup_stm32f10x_md.o ABSOLUTE
    STK_Program.c                            0x00000000   Number         0  stk_program.o ABSOLUTE
    USART_program.c                          0x00000000   Number         0  usart_program.o ABSOLUTE
    dc.s                                     0x00000000   Number         0  dc.o ABSOLUTE
    main.c                                   0x00000000   Number         0  main.o ABSOLUTE
    system_stm32f10x.c                       0x00000000   Number         0  system_stm32f10x.o ABSOLUTE
    RESET                                    0x08000000   Section      236  startup_stm32f10x_md.o(RESET)
    !!!main                                  0x080000ec   Section        8  __main.o(!!!main)
    !!!scatter                               0x080000f4   Section       52  __scatter.o(!!!scatter)
    !!handler_zi                             0x08000128   Section       28  __scatter_zi.o(!!handler_zi)
    .ARM.Collect$$libinit$$00000000          0x08000144   Section        2  libinit.o(.ARM.Collect$$libinit$$00000000)
    .ARM.Collect$$libinit$$00000002          0x08000146   Section        0  libinit2.o(.ARM.Collect$$libinit$$00000002)
    .ARM.Collect$$libinit$$00000004          0x08000146   Section        0  libinit2.o(.ARM.Collect$$libinit$$00000004)
    .ARM.Collect$$libinit$$0000000A          0x08000146   Section        0  libinit2.o(.ARM.Collect$$libinit$$0000000A)
    .ARM.Collect$$libinit$$0000000C          0x08000146   Section        0  libinit2.o(.ARM.Collect$$libinit$$0000000C)
    .ARM.Collect$$libinit$$0000000E          0x08000146   Section        0  libinit2.o(.ARM.Collect$$libinit$$0000000E)
    .ARM.Collect$$libinit$$00000011          0x08000146   Section        0  libinit2.o(.ARM.Collect$$libinit$$00000011)
    .ARM.Collect$$libinit$$00000013          0x08000146   Section        0  libinit2.o(.ARM.Collect$$libinit$$00000013)
    .ARM.Collect$$libinit$$00000015          0x08000146   Section        0  libinit2.o(.ARM.Collect$$libinit$$00000015)
    .ARM.Collect$$libinit$$00000017          0x08000146   Section        0  libinit2.o(.ARM.Collect$$libinit$$00000017)
    .ARM.Collect$$libinit$$00000019          0x08000146   Section        0  libinit2.o(.ARM.Collect$$libinit$$00000019)
    .ARM.Collect$$libinit$$0000001B          0x08000146   Section        0  libinit2.o(.ARM.Collect$$libinit$$0000001B)
    .ARM.Collect$$libinit$$0000001D          0x08000146   Section        0  libinit2.o(.ARM.Collect$$libinit$$0000001D)
    .ARM.Collect$$libinit$$0000001F          0x08000146   Section        0  libinit2.o(.ARM.Collect$$libinit$$0000001F)
    .ARM.Collect$$libinit$$00000021          0x08000146   Section        0  libinit2.o(.ARM.Collect$$libinit$$00000021)
    .ARM.Collect$$libinit$$00000023          0x08000146   Section        0  libinit2.o(.ARM.Collect$$libinit$$00000023)
    .ARM.Collect$$libinit$$00000025          0x08000146   Section        0  libinit2.o(.ARM.Collect$$libinit$$00000025)
    .ARM.Collect$$libinit$$0000002C          0x08000146   Section        0  libinit2.o(.ARM.Collect$$libinit$$0000002C)
    .ARM.Collect$$libinit$$0000002E          0x08000146   Section        0  libinit2.o(.ARM.Collect$$libinit$$0000002E)
    .ARM.Collect$$libinit$$00000030          0x08000146   Section        0  libinit2.o(.ARM.Collect$$libinit$$00000030)
    .ARM.Collect$$libinit$$00000032          0x08000146   Section        0  libinit2.o(.ARM.Collect$$libinit$$00000032)
    .ARM.Collect$$libinit$$00000033          0x08000146   Section        2  libinit2.o(.ARM.Collect$$libinit$$00000033)
    .ARM.Collect$$libshutdown$$00000000      0x08000148   Section        2  libshutdown.o(.ARM.Collect$$libshutdown$$00000000)
    .ARM.Collect$$libshutdown$$00000002      0x0800014a   Section        0  libshutdown2.o(.ARM.Collect$$libshutdown$$00000002)
    .ARM.Collect$$libshutdown$$00000004      0x0800014a   Section        0  libshutdown2.o(.ARM.Collect$$libshutdown$$00000004)
    .ARM.Collect$$libshutdown$$00000007      0x0800014a   Section        0  libshutdown2.o(.ARM.Collect$$libshutdown$$00000007)
    .ARM.Collect$$libshutdown$$0000000A      0x0800014a   Section        0  libshutdown2.o(.ARM.Collect$$libshutdown$$0000000A)
    .ARM.Collect$$libshutdown$$0000000C      0x0800014a   Section        0  libshutdown2.o(.ARM.Collect$$libshutdown$$0000000C)
    .ARM.Collect$$libshutdown$$0000000F      0x0800014a   Section        0  libshutdown2.o(.ARM.Collect$$libshutdown$$0000000F)
    .ARM.Collect$$libshutdown$$00000010      0x0800014a   Section        2  libshutdown2.o(.ARM.Collect$$libshutdown$$00000010)
    .ARM.Collect$$rtentry$$00000000          0x0800014c   Section        0  __rtentry.o(.ARM.Collect$$rtentry$$00000000)
    .ARM.Collect$$rtentry$$00000002          0x0800014c   Section        0  __rtentry2.o(.ARM.Collect$$rtentry$$00000002)
    .ARM.Collect$$rtentry$$00000004          0x0800014c   Section        6  __rtentry4.o(.ARM.Collect$$rtentry$$00000004)
    .ARM.Collect$$rtentry$$00000009          0x08000152   Section        0  __rtentry2.o(.ARM.Collect$$rtentry$$00000009)
    .ARM.Collect$$rtentry$$0000000A          0x08000152   Section        4  __rtentry2.o(.ARM.Collect$$rtentry$$0000000A)
    .ARM.Collect$$rtentry$$0000000C          0x08000156   Section        0  __rtentry2.o(.ARM.Collect$$rtentry$$0000000C)
    .ARM.Collect$$rtentry$$0000000D          0x08000156   Section        8  __rtentry2.o(.ARM.Collect$$rtentry$$0000000D)
    .ARM.Collect$$rtexit$$00000000           0x0800015e   Section        2  rtexit.o(.ARM.Collect$$rtexit$$00000000)
    .ARM.Collect$$rtexit$$00000002           0x08000160   Section        0  rtexit2.o(.ARM.Collect$$rtexit$$00000002)
    .ARM.Collect$$rtexit$$00000003           0x08000160   Section        4  rtexit2.o(.ARM.Collect$$rtexit$$00000003)
    .ARM.Collect$$rtexit$$00000004           0x08000164   Section        6  rtexit2.o(.ARM.Collect$$rtexit$$00000004)
    .text                                    0x0800016c   Section       64  startup_stm32f10x_md.o(.text)
    .text                                    0x080001ac   Section        0  heapauxi.o(.text)
    .text                                    0x080001b2   Section       74  sys_stackheap_outer.o(.text)
    .text                                    0x080001fc   Section        0  exit.o(.text)
    .text                                    0x08000210   Section        8  libspace.o(.text)
    .text                                    0x08000218   Section        0  sys_exit.o(.text)
    .text                                    0x08000224   Section        2  use_no_semi.o(.text)
    .text                                    0x08000226   Section        0  indicate_semi.o(.text)
    [Anonymous Symbol]                       0x08000228   Section        0  can .o(.text.CAN_VoidFilterSet)
    [Anonymous Symbol]                       0x0800031c   Section        0  can .o(.text.CAN_VoidInit)
    [Anonymous Symbol]                       0x080003e0   Section        0  can .o(.text.CAN_VoidReceive)
    [Anonymous Symbol]                       0x08000470   Section        0  gpio_program2.o(.text.GPIO_VoidSetPinDirection)
    [Anonymous Symbol]                       0x08000548   Section        0  gpio_program2.o(.text.GPIO_VoidSetPinValue)
    [Anonymous Symbol]                       0x080005f8   Section        0  rcc_program.o(.text.RCC_InitysClock)
    [Anonymous Symbol]                       0x08000628   Section        0  rcc_program.o(.text.RCC_VoidEnableClock)
    SetSysClock                              0x08000679   Thumb Code     4  system_stm32f10x.o(.text.SetSysClock)
    [Anonymous Symbol]                       0x08000678   Section        0  system_stm32f10x.o(.text.SetSysClock)
    SetSysClockTo72                          0x0800067d   Thumb Code   190  system_stm32f10x.o(.text.SetSysClockTo72)
    [Anonymous Symbol]                       0x0800067c   Section        0  system_stm32f10x.o(.text.SetSysClockTo72)
    [Anonymous Symbol]                       0x0800073c   Section        0  stk_program.o(.text.SysTick_Handler)
    [Anonymous Symbol]                       0x08000768   Section        0  system_stm32f10x.o(.text.SystemInit)
    [Anonymous Symbol]                       0x080007c0   Section        0  usart_program.o(.text.USART1_IRQHandler)
    [Anonymous Symbol]                       0x080007e0   Section        0  can .o(.text.USB_LP_CAN1_RX0_IRQHandler)
    [Anonymous Symbol]                       0x0800081c   Section        0  main.o(.text.main)
    .L__const.main.CAN_InitStruct            0x080008d0   Data          12  main.o(.rodata..L__const.main.CAN_InitStruct)
    .L__const.main.CAN_FilterInitStruct_1    0x080008dc   Data          16  main.o(.rodata.cst16)
    .L__const.main.CAN_FilterInitStruct_2    0x080008ec   Data          16  main.o(.rodata.cst16)
    .bss                                     0x20000000   Section       96  libspace.o(.bss)
    MSTK_CallBack                            0x20000060   Data           4  stk_program.o(.bss.MSTK_CallBack)
    [Anonymous Symbol]                       0x20000060   Section        0  stk_program.o(.bss.MSTK_CallBack)
    USART1_CallBack                          0x20000068   Data           4  usart_program.o(.bss.USART1_CallBack)
    [Anonymous Symbol]                       0x20000068   Section        0  usart_program.o(.bss.USART1_CallBack)
    Heap_Mem                                 0x20000070   Data         512  startup_stm32f10x_md.o(HEAP)
    HEAP                                     0x20000070   Section      512  startup_stm32f10x_md.o(HEAP)
    Stack_Mem                                0x20000270   Data        1024  startup_stm32f10x_md.o(STACK)
    STACK                                    0x20000270   Section     1024  startup_stm32f10x_md.o(STACK)
    __initial_sp                             0x20000670   Data           0  startup_stm32f10x_md.o(STACK)

    Global Symbols

    Symbol Name                              Value     Ov Type        Size  Object(Section)

    BuildAttributes$$THM_ISAv4$P$D$K$B$S$PE$A:L22UL41UL21$X:L11$S22US41US21$IEEE1$IW$~IW$USESV6$~STKCKD$USESV7$~SHL$OTIME$ROPI$EBA8$UX$STANDARDLIB$REQ8$PRES8$EABIv2 0x00000000   Number         0  anon$$obj.o ABSOLUTE
    __fp_init_empty                          0x00000000   Number         0  fpinit_empty.o ABSOLUTE
    __ARM_exceptions_init                     - Undefined Weak Reference
    __alloca_initialize                       - Undefined Weak Reference
    __arm_preinit_                            - Undefined Weak Reference
    __cpp_initialize__aeabi_                  - Undefined Weak Reference
    __cxa_finalize                            - Undefined Weak Reference
    __rt_locale                               - Undefined Weak Reference
    __sigvec_lookup                           - Undefined Weak Reference
    _atexit_init                              - Undefined Weak Reference
    _call_atexit_fns                          - Undefined Weak Reference
    _clock_init                               - Undefined Weak Reference
    _fp_trap_init                             - Undefined Weak Reference
    _fp_trap_shutdown                         - Undefined Weak Reference
    _get_lc_collate                           - Undefined Weak Reference
    _get_lc_ctype                             - Undefined Weak Reference
    _get_lc_monetary                          - Undefined Weak Reference
    _get_lc_numeric                           - Undefined Weak Reference
    _get_lc_time                              - Undefined Weak Reference
    _getenv_init                              - Undefined Weak Reference
    _handle_redirection                       - Undefined Weak Reference
    _init_alloc                               - Undefined Weak Reference
    _init_user_alloc                          - Undefined Weak Reference
    _initio                                   - Undefined Weak Reference
    _rand_init                                - Undefined Weak Reference
    _signal_finish                            - Undefined Weak Reference
    _signal_init                              - Undefined Weak Reference
    _terminate_alloc                          - Undefined Weak Reference
    _terminate_user_alloc                     - Undefined Weak Reference
    _terminateio                              - Undefined Weak Reference
    __Vectors_Size                           0x000000ec   Number         0  startup_stm32f10x_md.o ABSOLUTE
    __Vectors                                0x08000000   Data           4  startup_stm32f10x_md.o(RESET)
    __Vectors_End                            0x080000ec   Data           0  startup_stm32f10x_md.o(RESET)
    __main                                   0x080000ed   Thumb Code     8  __main.o(!!!main)
    __scatterload                            0x080000f5   Thumb Code     0  __scatter.o(!!!scatter)
    __scatterload_rt2                        0x080000f5   Thumb Code    44  __scatter.o(!!!scatter)
    __scatterload_rt2_thumb_only             0x080000f5   Thumb Code     0  __scatter.o(!!!scatter)
    __scatterload_null                       0x08000103   Thumb Code     0  __scatter.o(!!!scatter)
    __scatterload_zeroinit                   0x08000129   Thumb Code    28  __scatter_zi.o(!!handler_zi)
    __rt_lib_init                            0x08000145   Thumb Code     0  libinit.o(.ARM.Collect$$libinit$$00000000)
    __rt_lib_init_alloca_1                   0x08000147   Thumb Code     0  libinit2.o(.ARM.Collect$$libinit$$0000002E)
    __rt_lib_init_argv_1                     0x08000147   Thumb Code     0  libinit2.o(.ARM.Collect$$libinit$$0000002C)
    __rt_lib_init_atexit_1                   0x08000147   Thumb Code     0  libinit2.o(.ARM.Collect$$libinit$$0000001B)
    __rt_lib_init_clock_1                    0x08000147   Thumb Code     0  libinit2.o(.ARM.Collect$$libinit$$00000021)
    __rt_lib_init_cpp_1                      0x08000147   Thumb Code     0  libinit2.o(.ARM.Collect$$libinit$$00000032)
    __rt_lib_init_exceptions_1               0x08000147   Thumb Code     0  libinit2.o(.ARM.Collect$$libinit$$00000030)
    __rt_lib_init_fp_1                       0x08000147   Thumb Code     0  libinit2.o(.ARM.Collect$$libinit$$00000002)
    __rt_lib_init_fp_trap_1                  0x08000147   Thumb Code     0  libinit2.o(.ARM.Collect$$libinit$$0000001F)
    __rt_lib_init_getenv_1                   0x08000147   Thumb Code     0  libinit2.o(.ARM.Collect$$libinit$$00000023)
    __rt_lib_init_heap_1                     0x08000147   Thumb Code     0  libinit2.o(.ARM.Collect$$libinit$$0000000A)
    __rt_lib_init_lc_collate_1               0x08000147   Thumb Code     0  libinit2.o(.ARM.Collect$$libinit$$00000011)
    __rt_lib_init_lc_ctype_1                 0x08000147   Thumb Code     0  libinit2.o(.ARM.Collect$$libinit$$00000013)
    __rt_lib_init_lc_monetary_1              0x08000147   Thumb Code     0  libinit2.o(.ARM.Collect$$libinit$$00000015)
    __rt_lib_init_lc_numeric_1               0x08000147   Thumb Code     0  libinit2.o(.ARM.Collect$$libinit$$00000017)
    __rt_lib_init_lc_time_1                  0x08000147   Thumb Code     0  libinit2.o(.ARM.Collect$$libinit$$00000019)
    __rt_lib_init_preinit_1                  0x08000147   Thumb Code     0  libinit2.o(.ARM.Collect$$libinit$$00000004)
    __rt_lib_init_rand_1                     0x08000147   Thumb Code     0  libinit2.o(.ARM.Collect$$libinit$$0000000E)
    __rt_lib_init_return                     0x08000147   Thumb Code     0  libinit2.o(.ARM.Collect$$libinit$$00000033)
    __rt_lib_init_signal_1                   0x08000147   Thumb Code     0  libinit2.o(.ARM.Collect$$libinit$$0000001D)
    __rt_lib_init_stdio_1                    0x08000147   Thumb Code     0  libinit2.o(.ARM.Collect$$libinit$$00000025)
    __rt_lib_init_user_alloc_1               0x08000147   Thumb Code     0  libinit2.o(.ARM.Collect$$libinit$$0000000C)
    __rt_lib_shutdown                        0x08000149   Thumb Code     0  libshutdown.o(.ARM.Collect$$libshutdown$$00000000)
    __rt_lib_shutdown_cpp_1                  0x0800014b   Thumb Code     0  libshutdown2.o(.ARM.Collect$$libshutdown$$00000002)
    __rt_lib_shutdown_fp_trap_1              0x0800014b   Thumb Code     0  libshutdown2.o(.ARM.Collect$$libshutdown$$00000007)
    __rt_lib_shutdown_heap_1                 0x0800014b   Thumb Code     0  libshutdown2.o(.ARM.Collect$$libshutdown$$0000000F)
    __rt_lib_shutdown_return                 0x0800014b   Thumb Code     0  libshutdown2.o(.ARM.Collect$$libshutdown$$00000010)
    __rt_lib_shutdown_signal_1               0x0800014b   Thumb Code     0  libshutdown2.o(.ARM.Collect$$libshutdown$$0000000A)
    __rt_lib_shutdown_stdio_1                0x0800014b   Thumb Code     0  libshutdown2.o(.ARM.Collect$$libshutdown$$00000004)
    __rt_lib_shutdown_user_alloc_1           0x0800014b   Thumb Code     0  libshutdown2.o(.ARM.Collect$$libshutdown$$0000000C)
    __rt_entry                               0x0800014d   Thumb Code     0  __rtentry.o(.ARM.Collect$$rtentry$$00000000)
    __rt_entry_presh_1                       0x0800014d   Thumb Code     0  __rtentry2.o(.ARM.Collect$$rtentry$$00000002)
    __rt_entry_sh                            0x0800014d   Thumb Code     0  __rtentry4.o(.ARM.Collect$$rtentry$$00000004)
    __rt_entry_li                            0x08000153   Thumb Code     0  __rtentry2.o(.ARM.Collect$$rtentry$$0000000A)
    __rt_entry_postsh_1                      0x08000153   Thumb Code     0  __rtentry2.o(.ARM.Collect$$rtentry$$00000009)
    __rt_entry_main                          0x08000157   Thumb Code     0  __rtentry2.o(.ARM.Collect$$rtentry$$0000000D)
    __rt_entry_postli_1                      0x08000157   Thumb Code     0  __rtentry2.o(.ARM.Collect$$rtentry$$0000000C)
    __rt_exit                                0x0800015f   Thumb Code     0  rtexit.o(.ARM.Collect$$rtexit$$00000000)
    __rt_exit_ls                             0x08000161   Thumb Code     0  rtexit2.o(.ARM.Collect$$rtexit$$00000003)
    __rt_exit_prels_1                        0x08000161   Thumb Code     0  rtexit2.o(.ARM.Collect$$rtexit$$00000002)
    __rt_exit_exit                           0x08000165   Thumb Code     0  rtexit2.o(.ARM.Collect$$rtexit$$00000004)
    Reset_Handler                            0x0800016d   Thumb Code     8  startup_stm32f10x_md.o(.text)
    NMI_Handler                              0x08000175   Thumb Code     2  startup_stm32f10x_md.o(.text)
    HardFault_Handler                        0x08000177   Thumb Code     2  startup_stm32f10x_md.o(.text)
    MemManage_Handler                        0x08000179   Thumb Code     2  startup_stm32f10x_md.o(.text)
    BusFault_Handler                         0x0800017b   Thumb Code     2  startup_stm32f10x_md.o(.text)
    UsageFault_Handler                       0x0800017d   Thumb Code     2  startup_stm32f10x_md.o(.text)
    SVC_Handler                              0x0800017f   Thumb Code     2  startup_stm32f10x_md.o(.text)
    DebugMon_Handler                         0x08000181   Thumb Code     2  startup_stm32f10x_md.o(.text)
    PendSV_Handler                           0x08000183   Thumb Code     2  startup_stm32f10x_md.o(.text)
    ADC1_2_IRQHandler                        0x08000187   Thumb Code     0  startup_stm32f10x_md.o(.text)
    CAN1_RX1_IRQHandler                      0x08000187   Thumb Code     0  startup_stm32f10x_md.o(.text)
    CAN1_SCE_IRQHandler                      0x08000187   Thumb Code     0  startup_stm32f10x_md.o(.text)
    DMA1_Channel1_IRQHandler                 0x08000187   Thumb Code     0  startup_stm32f10x_md.o(.text)
    DMA1_Channel2_IRQHandler                 0x08000187   Thumb Code     0  startup_stm32f10x_md.o(.text)
    DMA1_Channel3_IRQHandler                 0x08000187   Thumb Code     0  startup_stm32f10x_md.o(.text)
    DMA1_Channel4_IRQHandler                 0x08000187   Thumb Code     0  startup_stm32f10x_md.o(.text)
    DMA1_Channel5_IRQHandler                 0x08000187   Thumb Code     0  startup_stm32f10x_md.o(.text)
    DMA1_Channel6_IRQHandler                 0x08000187   Thumb Code     0  startup_stm32f10x_md.o(.text)
    DMA1_Channel7_IRQHandler                 0x08000187   Thumb Code     0  startup_stm32f10x_md.o(.text)
    EXTI0_IRQHandler                         0x08000187   Thumb Code     0  startup_stm32f10x_md.o(.text)
    EXTI15_10_IRQHandler                     0x08000187   Thumb Code     0  startup_stm32f10x_md.o(.text)
    EXTI1_IRQHandler                         0x08000187   Thumb Code     0  startup_stm32f10x_md.o(.text)
    EXTI2_IRQHandler                         0x08000187   Thumb Code     0  startup_stm32f10x_md.o(.text)
    EXTI3_IRQHandler                         0x08000187   Thumb Code     0  startup_stm32f10x_md.o(.text)
    EXTI4_IRQHandler                         0x08000187   Thumb Code     0  startup_stm32f10x_md.o(.text)
    EXTI9_5_IRQHandler                       0x08000187   Thumb Code     0  startup_stm32f10x_md.o(.text)
    FLASH_IRQHandler                         0x08000187   Thumb Code     0  startup_stm32f10x_md.o(.text)
    I2C1_ER_IRQHandler                       0x08000187   Thumb Code     0  startup_stm32f10x_md.o(.text)
    I2C1_EV_IRQHandler                       0x08000187   Thumb Code     0  startup_stm32f10x_md.o(.text)
    I2C2_ER_IRQHandler                       0x08000187   Thumb Code     0  startup_stm32f10x_md.o(.text)
    I2C2_EV_IRQHandler                       0x08000187   Thumb Code     0  startup_stm32f10x_md.o(.text)
    PVD_IRQHandler                           0x08000187   Thumb Code     0  startup_stm32f10x_md.o(.text)
    RCC_IRQHandler                           0x08000187   Thumb Code     0  startup_stm32f10x_md.o(.text)
    RTCAlarm_IRQHandler                      0x08000187   Thumb Code     0  startup_stm32f10x_md.o(.text)
    RTC_IRQHandler                           0x08000187   Thumb Code     0  startup_stm32f10x_md.o(.text)
    SPI1_IRQHandler                          0x08000187   Thumb Code     0  startup_stm32f10x_md.o(.text)
    SPI2_IRQHandler                          0x08000187   Thumb Code     0  startup_stm32f10x_md.o(.text)
    TAMPER_IRQHandler                        0x08000187   Thumb Code     0  startup_stm32f10x_md.o(.text)
    TIM1_BRK_IRQHandler                      0x08000187   Thumb Code     0  startup_stm32f10x_md.o(.text)
    TIM1_CC_IRQHandler                       0x08000187   Thumb Code     0  startup_stm32f10x_md.o(.text)
    TIM1_TRG_COM_IRQHandler                  0x08000187   Thumb Code     0  startup_stm32f10x_md.o(.text)
    TIM1_UP_IRQHandler                       0x08000187   Thumb Code     0  startup_stm32f10x_md.o(.text)
    TIM2_IRQHandler                          0x08000187   Thumb Code     0  startup_stm32f10x_md.o(.text)
    TIM3_IRQHandler                          0x08000187   Thumb Code     0  startup_stm32f10x_md.o(.text)
    TIM4_IRQHandler                          0x08000187   Thumb Code     0  startup_stm32f10x_md.o(.text)
    USART2_IRQHandler                        0x08000187   Thumb Code     0  startup_stm32f10x_md.o(.text)
    USART3_IRQHandler                        0x08000187   Thumb Code     0  startup_stm32f10x_md.o(.text)
    USBWakeUp_IRQHandler                     0x08000187   Thumb Code     0  startup_stm32f10x_md.o(.text)
    USB_HP_CAN1_TX_IRQHandler                0x08000187   Thumb Code     0  startup_stm32f10x_md.o(.text)
    WWDG_IRQHandler                          0x08000187   Thumb Code     0  startup_stm32f10x_md.o(.text)
    __user_initial_stackheap                 0x08000189   Thumb Code     0  startup_stm32f10x_md.o(.text)
    __use_two_region_memory                  0x080001ad   Thumb Code     2  heapauxi.o(.text)
    __rt_heap_escrow$2region                 0x080001af   Thumb Code     2  heapauxi.o(.text)
    __rt_heap_expand$2region                 0x080001b1   Thumb Code     2  heapauxi.o(.text)
    __user_setup_stackheap                   0x080001b3   Thumb Code    74  sys_stackheap_outer.o(.text)
    exit                                     0x080001fd   Thumb Code    18  exit.o(.text)
    __user_libspace                          0x08000211   Thumb Code     8  libspace.o(.text)
    __user_perproc_libspace                  0x08000211   Thumb Code     0  libspace.o(.text)
    __user_perthread_libspace                0x08000211   Thumb Code     0  libspace.o(.text)
    _sys_exit                                0x08000219   Thumb Code     8  sys_exit.o(.text)
    __I$use$semihosting                      0x08000225   Thumb Code     0  use_no_semi.o(.text)
    __use_no_semihosting_swi                 0x08000225   Thumb Code     2  use_no_semi.o(.text)
    __semihosting_library_function           0x08000227   Thumb Code     0  indicate_semi.o(.text)
    CAN_VoidFilterSet                        0x08000229   Thumb Code   242  can .o(.text.CAN_VoidFilterSet)
    CAN_VoidInit                             0x0800031d   Thumb Code   194  can .o(.text.CAN_VoidInit)
    CAN_VoidReceive                          0x080003e1   Thumb Code   144  can .o(.text.CAN_VoidReceive)
    GPIO_VoidSetPinDirection                 0x08000471   Thumb Code   216  gpio_program2.o(.text.GPIO_VoidSetPinDirection)
    GPIO_VoidSetPinValue                     0x08000549   Thumb Code   174  gpio_program2.o(.text.GPIO_VoidSetPinValue)
    RCC_InitysClock                          0x080005f9   Thumb Code    46  rcc_program.o(.text.RCC_InitysClock)
    RCC_VoidEnableClock                      0x08000629   Thumb Code    78  rcc_program.o(.text.RCC_VoidEnableClock)
    SysTick_Handler                          0x0800073d   Thumb Code    42  stk_program.o(.text.SysTick_Handler)
    SystemInit                               0x08000769   Thumb Code    86  system_stm32f10x.o(.text.SystemInit)
    USART1_IRQHandler                        0x080007c1   Thumb Code    32  usart_program.o(.text.USART1_IRQHandler)
    USB_LP_CAN1_RX0_IRQHandler               0x080007e1   Thumb Code    60  can .o(.text.USB_LP_CAN1_RX0_IRQHandler)
    main                                     0x0800081d   Thumb Code   180  main.o(.text.main)
    Region$$Table$$Base                      0x080008fc   Number         0  anon$$obj.o(Region$$Table)
    Region$$Table$$Limit                     0x0800090c   Number         0  anon$$obj.o(Region$$Table)
    __libspace_start                         0x20000000   Data          96  libspace.o(.bss)
    __temporary_stack_top$libspace           0x20000060   Data           0  libspace.o(.bss)
    RxMessage                                0x20000064   Data           4  can .o(.bss.RxMessage)



==============================================================================

Memory Map of the image

  Image Entry point : 0x0800016d

  Load Region LR_1 (Base: 0x08000000, Size: 0x0000090c, Max: 0xffffffff, ABSOLUTE)

    Execution Region ER_RO (Exec base: 0x08000000, Load base: 0x08000000, Size: 0x0000090c, Max: 0xffffffff, ABSOLUTE)

    Exec Addr    Load Addr    Size         Type   Attr      Idx    E Section Name        Object

    0x08000000   0x08000000   0x000000ec   Data   RO          168    RESET               startup_stm32f10x_md.o
    0x080000ec   0x080000ec   0x00000008   Code   RO          198  * !!!main             c_w.l(__main.o)
    0x080000f4   0x080000f4   0x00000034   Code   RO          361    !!!scatter          c_w.l(__scatter.o)
    0x08000128   0x08000128   0x0000001c   Code   RO          363    !!handler_zi        c_w.l(__scatter_zi.o)
    0x08000144   0x08000144   0x00000002   Code   RO          225    .ARM.Collect$$libinit$$00000000  c_w.l(libinit.o)
    0x08000146   0x08000146   0x00000000   Code   RO          232    .ARM.Collect$$libinit$$00000002  c_w.l(libinit2.o)
    0x08000146   0x08000146   0x00000000   Code   RO          234    .ARM.Collect$$libinit$$00000004  c_w.l(libinit2.o)
    0x08000146   0x08000146   0x00000000   Code   RO          237    .ARM.Collect$$libinit$$0000000A  c_w.l(libinit2.o)
    0x08000146   0x08000146   0x00000000   Code   RO          239    .ARM.Collect$$libinit$$0000000C  c_w.l(libinit2.o)
    0x08000146   0x08000146   0x00000000   Code   RO          241    .ARM.Collect$$libinit$$0000000E  c_w.l(libinit2.o)
    0x08000146   0x08000146   0x00000000   Code   RO          244    .ARM.Collect$$libinit$$00000011  c_w.l(libinit2.o)
    0x08000146   0x08000146   0x00000000   Code   RO          246    .ARM.Collect$$libinit$$00000013  c_w.l(libinit2.o)
    0x08000146   0x08000146   0x00000000   Code   RO          248    .ARM.Collect$$libinit$$00000015  c_w.l(libinit2.o)
    0x08000146   0x08000146   0x00000000   Code   RO          250    .ARM.Collect$$libinit$$00000017  c_w.l(libinit2.o)
    0x08000146   0x08000146   0x00000000   Code   RO          252    .ARM.Collect$$libinit$$00000019  c_w.l(libinit2.o)
    0x08000146   0x08000146   0x00000000   Code   RO          254    .ARM.Collect$$libinit$$0000001B  c_w.l(libinit2.o)
    0x08000146   0x08000146   0x00000000   Code   RO          256    .ARM.Collect$$libinit$$0000001D  c_w.l(libinit2.o)
    0x08000146   0x08000146   0x00000000   Code   RO          258    .ARM.Collect$$libinit$$0000001F  c_w.l(libinit2.o)
    0x08000146   0x08000146   0x00000000   Code   RO          260    .ARM.Collect$$libinit$$00000021  c_w.l(libinit2.o)
    0x08000146   0x08000146   0x00000000   Code   RO          262    .ARM.Collect$$libinit$$00000023  c_w.l(libinit2.o)
    0x08000146   0x08000146   0x00000000   Code   RO          264    .ARM.Collect$$libinit$$00000025  c_w.l(libinit2.o)
    0x08000146   0x08000146   0x00000000   Code   RO          268    .ARM.Collect$$libinit$$0000002C  c_w.l(libinit2.o)
    0x08000146   0x08000146   0x00000000   Code   RO          270    .ARM.Collect$$libinit$$0000002E  c_w.l(libinit2.o)
    0x08000146   0x08000146   0x00000000   Code   RO          272    .ARM.Collect$$libinit$$00000030  c_w.l(libinit2.o)
    0x08000146   0x08000146   0x00000000   Code   RO          274    .ARM.Collect$$libinit$$00000032  c_w.l(libinit2.o)
    0x08000146   0x08000146   0x00000002   Code   RO          275    .ARM.Collect$$libinit$$00000033  c_w.l(libinit2.o)
    0x08000148   0x08000148   0x00000002   Code   RO          297    .ARM.Collect$$libshutdown$$00000000  c_w.l(libshutdown.o)
    0x0800014a   0x0800014a   0x00000000   Code   RO          312    .ARM.Collect$$libshutdown$$00000002  c_w.l(libshutdown2.o)
    0x0800014a   0x0800014a   0x00000000   Code   RO          314    .ARM.Collect$$libshutdown$$00000004  c_w.l(libshutdown2.o)
    0x0800014a   0x0800014a   0x00000000   Code   RO          317    .ARM.Collect$$libshutdown$$00000007  c_w.l(libshutdown2.o)
    0x0800014a   0x0800014a   0x00000000   Code   RO          320    .ARM.Collect$$libshutdown$$0000000A  c_w.l(libshutdown2.o)
    0x0800014a   0x0800014a   0x00000000   Code   RO          322    .ARM.Collect$$libshutdown$$0000000C  c_w.l(libshutdown2.o)
    0x0800014a   0x0800014a   0x00000000   Code   RO          325    .ARM.Collect$$libshutdown$$0000000F  c_w.l(libshutdown2.o)
    0x0800014a   0x0800014a   0x00000002   Code   RO          326    .ARM.Collect$$libshutdown$$00000010  c_w.l(libshutdown2.o)
    0x0800014c   0x0800014c   0x00000000   Code   RO          200    .ARM.Collect$$rtentry$$00000000  c_w.l(__rtentry.o)
    0x0800014c   0x0800014c   0x00000000   Code   RO          202    .ARM.Collect$$rtentry$$00000002  c_w.l(__rtentry2.o)
    0x0800014c   0x0800014c   0x00000006   Code   RO          214    .ARM.Collect$$rtentry$$00000004  c_w.l(__rtentry4.o)
    0x08000152   0x08000152   0x00000000   Code   RO          204    .ARM.Collect$$rtentry$$00000009  c_w.l(__rtentry2.o)
    0x08000152   0x08000152   0x00000004   Code   RO          205    .ARM.Collect$$rtentry$$0000000A  c_w.l(__rtentry2.o)
    0x08000156   0x08000156   0x00000000   Code   RO          207    .ARM.Collect$$rtentry$$0000000C  c_w.l(__rtentry2.o)
    0x08000156   0x08000156   0x00000008   Code   RO          208    .ARM.Collect$$rtentry$$0000000D  c_w.l(__rtentry2.o)
    0x0800015e   0x0800015e   0x00000002   Code   RO          229    .ARM.Collect$$rtexit$$00000000  c_w.l(rtexit.o)
    0x08000160   0x08000160   0x00000000   Code   RO          277    .ARM.Collect$$rtexit$$00000002  c_w.l(rtexit2.o)
    0x08000160   0x08000160   0x00000004   Code   RO          278    .ARM.Collect$$rtexit$$00000003  c_w.l(rtexit2.o)
    0x08000164   0x08000164   0x00000006   Code   RO          279    .ARM.Collect$$rtexit$$00000004  c_w.l(rtexit2.o)
    0x0800016a   0x0800016a   0x00000002   PAD
    0x0800016c   0x0800016c   0x00000040   Code   RO          169  * .text               startup_stm32f10x_md.o
    0x080001ac   0x080001ac   0x00000006   Code   RO          196    .text               c_w.l(heapauxi.o)
    0x080001b2   0x080001b2   0x0000004a   Code   RO          216    .text               c_w.l(sys_stackheap_outer.o)
    0x080001fc   0x080001fc   0x00000012   Code   RO          218    .text               c_w.l(exit.o)
    0x0800020e   0x0800020e   0x00000002   PAD
    0x08000210   0x08000210   0x00000008   Code   RO          226    .text               c_w.l(libspace.o)
    0x08000218   0x08000218   0x0000000c   Code   RO          287    .text               c_w.l(sys_exit.o)
    0x08000224   0x08000224   0x00000002   Code   RO          302    .text               c_w.l(use_no_semi.o)
    0x08000226   0x08000226   0x00000000   Code   RO          304    .text               c_w.l(indicate_semi.o)
    0x08000226   0x08000226   0x00000002   PAD
    0x08000228   0x08000228   0x000000f2   Code   RO            4    .text.CAN_VoidFilterSet  can .o
    0x0800031a   0x0800031a   0x00000002   PAD
    0x0800031c   0x0800031c   0x000000c2   Code   RO            2    .text.CAN_VoidInit  can .o
    0x080003de   0x080003de   0x00000002   PAD
    0x080003e0   0x080003e0   0x00000090   Code   RO            8    .text.CAN_VoidReceive  can .o
    0x08000470   0x08000470   0x000000d8   Code   RO           30    .text.GPIO_VoidSetPinDirection  gpio_program2.o
    0x08000548   0x08000548   0x000000ae   Code   RO           34    .text.GPIO_VoidSetPinValue  gpio_program2.o
    0x080005f6   0x080005f6   0x00000002   PAD
    0x080005f8   0x080005f8   0x0000002e   Code   RO          120    .text.RCC_InitysClock  rcc_program.o
    0x08000626   0x08000626   0x00000002   PAD
    0x08000628   0x08000628   0x0000004e   Code   RO          122    .text.RCC_VoidEnableClock  rcc_program.o
    0x08000676   0x08000676   0x00000002   PAD
    0x08000678   0x08000678   0x00000004   Code   RO          178    .text.SetSysClock   system_stm32f10x.o
    0x0800067c   0x0800067c   0x000000be   Code   RO          182    .text.SetSysClockTo72  system_stm32f10x.o
    0x0800073a   0x0800073a   0x00000002   PAD
    0x0800073c   0x0800073c   0x0000002a   Code   RO           81    .text.SysTick_Handler  stk_program.o
    0x08000766   0x08000766   0x00000002   PAD
    0x08000768   0x08000768   0x00000056   Code   RO          176    .text.SystemInit    system_stm32f10x.o
    0x080007be   0x080007be   0x00000002   PAD
    0x080007c0   0x080007c0   0x00000020   Code   RO          153    .text.USART1_IRQHandler  usart_program.o
    0x080007e0   0x080007e0   0x0000003c   Code   RO           18    .text.USB_LP_CAN1_RX0_IRQHandler  can .o
    0x0800081c   0x0800081c   0x000000b4   Code   RO           59    .text.main          main.o
    0x080008d0   0x080008d0   0x0000000c   Data   RO           61    .rodata..L__const.main.CAN_InitStruct  main.o
    0x080008dc   0x080008dc   0x00000020   Data   RO           62    .rodata.cst16       main.o
    0x080008fc   0x080008fc   0x00000010   Data   RO          360    Region$$Table       anon$$obj.o


    Execution Region ER_RW (Exec base: 0x20000000, Load base: 0x0800090c, Size: 0x00000000, Max: 0xffffffff, ABSOLUTE)

    **** No section assigned to this execution region ****


    Execution Region ER_ZI (Exec base: 0x20000000, Load base: 0x0800090c, Size: 0x00000670, Max: 0xffffffff, ABSOLUTE)

    Exec Addr    Load Addr    Size         Type   Attr      Idx    E Section Name        Object

    0x20000000        -       0x00000060   Zero   RW          227    .bss                c_w.l(libspace.o)
    0x20000060        -       0x00000004   Zero   RW           83    .bss.MSTK_CallBack  stk_program.o
    0x20000064        -       0x00000004   Zero   RW           20    .bss.RxMessage      can .o
    0x20000068        -       0x00000004   Zero   RW          157    .bss.USART1_CallBack  usart_program.o
    0x2000006c   0x0800090c   0x00000004   PAD
    0x20000070        -       0x00000200   Zero   RW          167    HEAP                startup_stm32f10x_md.o
    0x20000270        -       0x00000400   Zero   RW          166    STACK               startup_stm32f10x_md.o


==============================================================================

Image component sizes


      Code (inc. data)   RO Data    RW Data    ZI Data      Debug   Object Name

       640          0          0          0          4       6067   can .o
       390          0          0          0          0       3242   gpio_program2.o
       180          0         44          0          0       2660   main.o
       124          0          0          0          0       1281   rcc_program.o
        64         26        236          0       1536        912   startup_stm32f10x_md.o
        42          0          0          0          4       1588   stk_program.o
       280          0          0          0          0       2856   system_stm32f10x.o
        32          0          0          0          4       2676   usart_program.o

    ----------------------------------------------------------------------
      1768         26        296          0       1552      21282   Object Totals
         0          0         16          0          0          0   (incl. Generated)
        16          0          0          0          4          0   (incl. Padding)

    ----------------------------------------------------------------------

      Code (inc. data)   RO Data    RW Data    ZI Data      Debug   Library Member Name

         8          0          0          0          0         68   __main.o
         0          0          0          0          0          0   __rtentry.o
        12          0          0          0          0          0   __rtentry2.o
         6          0          0          0          0          0   __rtentry4.o
        52          8          0          0          0          0   __scatter.o
        28          0          0          0          0          0   __scatter_zi.o
        18          0          0          0          0         80   exit.o
         6          0          0          0          0        152   heapauxi.o
         0          0          0          0          0          0   indicate_semi.o
         2          0          0          0          0          0   libinit.o
         2          0          0          0          0          0   libinit2.o
         2          0          0          0          0          0   libshutdown.o
         2          0          0          0          0          0   libshutdown2.o
         8          4          0          0         96         68   libspace.o
         2          0          0          0          0          0   rtexit.o
        10          0          0          0          0          0   rtexit2.o
        12          4          0          0          0         68   sys_exit.o
        74          0          0          0          0         80   sys_stackheap_outer.o
         2          0          0          0          0         68   use_no_semi.o

    ----------------------------------------------------------------------
       252         16          0          0         96        584   Library Totals
         6          0          0          0          0          0   (incl. Padding)

    ----------------------------------------------------------------------

      Code (inc. data)   RO Data    RW Data    ZI Data      Debug   Library Name

       246         16          0          0         96        584   c_w.l

    ----------------------------------------------------------------------
       252         16          0          0         96        584   Library Totals

    ----------------------------------------------------------------------

==============================================================================


      Code (inc. data)   RO Data    RW Data    ZI Data      Debug   

      2020         42        296          0       1648      21594   Grand Totals
      2020         42        296          0       1648      21594   ELF Image Totals
      2020         42        296          0          0          0   ROM Totals

==============================================================================

    Total RO  Size (Code + RO Data)                 2316 (   2.26kB)
    Total RW  Size (RW Data + ZI Data)              1648 (   1.61kB)
    Total ROM Size (Code + RO Data + RW Data)       2316 (   2.26kB)

==============================================================================

